// Jest Snapshot v1, https://goo.gl/fbAQLP

exports[`<Home /> spec renders the Home component 1`] = `
<DocumentFragment>
  <div
    class="sc-eCImPb kSHbLi"
  >
    <section
      class="sc-gsDKAQ gZazSX"
    >
      <h5
        class="sc-hKwDye fQHpPY"
      >
        All Players
      </h5>
      <p>
        Loading...
      </p>
      <div
        class="sc-dkPtRN kOPygv"
      >
        <main
          class="sc-bdvvtL gbayWe"
        />
      </div>
    </section>
    <section
      class="sc-gsDKAQ gZazSX"
    >
      <h5
        class="sc-hKwDye fQHpPY"
      >
        My Team Players
      </h5>
      <div>
        <button
          aria-label="Save Team"
          class="MuiButton-root MuiButton-contained MuiButton-containedPrimary MuiButton-sizeMedium MuiButton-containedSizeMedium MuiButtonBase-root  css-sghohy-MuiButtonBase-root-MuiButton-root"
          id="SaveBTN"
          tabindex="0"
          type="button"
        >
          Save Team
          <span
            class="MuiTouchRipple-root css-8je8zh-MuiTouchRipple-root"
          />
        </button>
        <p />
      </div>
      <p />
      <div
        class="sc-dkPtRN kOPygv"
      >
        <main
          class="sc-bdvvtL gbayWe"
        >
          <table>
            <thead>
              <tr>
                <th>
                  Team
                </th>
                <th>
                  Position
                </th>
                <th>
                  Name
                </th>
                <th>
                  Action
                </th>
              </tr>
            </thead>
            <tbody>
              <tr>
                <td>
                  Chelsea FC
                </td>
                <td>
                  MID
                </td>
                <td>
                  Kai Havertz
                </td>
                <td>
                  <button
                    class="MuiButton-root MuiButton-contained MuiButton-containedPrimary MuiButton-sizeMedium MuiButton-containedSizeMedium MuiButtonBase-root  css-sghohy-MuiButtonBase-root-MuiButton-root"
                    tabindex="0"
                    type="button"
                  >
                    REMOVE
                    <span
                      class="MuiTouchRipple-root css-8je8zh-MuiTouchRipple-root"
                    />
                  </button>
                </td>
              </tr>
            </tbody>
          </table>
        </main>
      </div>
    </section>
  </div>
</DocumentFragment>
`;
